# npm audit report

@vitest/mocker  2.1.0 - 4.1.10
Severity: moderate
Vitest: Path Traversal / Arbitrary File Read via @vitest/mocker Redirect Mock - https://github.com/advisories/GHSA-82fw-gwwq-j7x9
fix available via `npm audit fix --force`
Will install vitest@5.0.0, which is a breaking change
node_modules/@vitest/mocker
  vitest  2.1.0-beta.1 - 4.1.10
  Depends on vulnerable versions of @vitest/mocker
  node_modules/vitest

esbuild  <=0.24.2
Severity: moderate
esbuild enables any website to send any requests to the development server and read the response - https://github.com/advisories/GHSA-67mh-4wv8-2f99
fix available via `npm audit fix --force`
Will install vite@8.3.0, which is a breaking change
node_modules/esbuild
  vite  <=6.4.2
  Depends on vulnerable versions of esbuild
  node_modules/vite



4 vulnerabilities (3 moderate, 1 high)

To address all issues (including breaking changes), run:
  npm audit fix --force
